
module alu #(parameter DATA_WIDTH = 8) (


    input logic [DATA_WIDTH-1:0] op1,
    input logic [DATA_WIDTH-1:0] op2,
    input logic [2:0] alu_op,
    output logic [DATA_WIDTH-1:0] out,
    output logic zero,
    output logic carry,
    output logic overflow,
    output logic negative
    
);




localparam OPCODE_RTYPE = 4'b0000;
localparam OPCODE_ADDI  = 4'b0001;
localparam OPCODE_LOAD  = 4'b0010;
localparam OPCODE_STORE = 4'b0011;

localparam ALU_ADD = 3'b000;
        
localparam ALU_SUB = 3'b001;
        
localparam ALU_AND = 3'b010;
        
localparam ALU_OR = 3'b011;
        
localparam ALU_XOR = 3'b100;
        
localparam ALU_RSVD1 = 3'b101;
localparam ALU_RSVD2 = 3'b110;
localparam ALU_ILLEGAL = 3'b111;


logic [DATA_WIDTH:0] alu_result_ext;


always @* 
begin


out      = '0;
carry    = 1'b0;
overflow = 1'b0;
negative = 1'b0;

case(alu_op)

ALU_ADD : begin

alu_result_ext = {1'b0 , op1 } + {1'b0 , op2};

carry = alu_result_ext[DATA_WIDTH];
out = alu_result_ext[DATA_WIDTH-1:0];

overflow = ((op1[DATA_WIDTH-1] == op2[DATA_WIDTH-1]) && (out[DATA_WIDTH-1] != op1[DATA_WIDTH-1]));


end

ALU_SUB :begin

alu_result_ext = {1'b0 , op1 } - {1'b0 , op2};
 out = alu_result_ext[DATA_WIDTH-1:0];

 //carry = (op1 < op2);
 overflow = (op1[DATA_WIDTH-1] != op2[DATA_WIDTH-1]) && (out[DATA_WIDTH-1] != op1[DATA_WIDTH-1]);

end

ALU_AND : out = op1 & op2;
ALU_OR : out = op1 | op2;
ALU_XOR : out = op1 ^ op2;


default : begin
out = '0;
end

endcase


zero = (out == '0);

negative = out[DATA_WIDTH-1];

end


endmodule



